// Jest Snapshot v1, https://goo.gl/fbAQLP

exports[`generateLinkedList should generate linked list from values 2: { value: 1, next: { value: 2, next: { value: null, next: null } } } 1`] = `
{
  "next": {
    "next": {
      "next": null,
      "value": null,
    },
    "value": 2,
  },
  "value": 1,
}
`;
